<testsuites id="" name="" tests="6" failures="0" skipped="0" errors="0" time="4.269319">
<testsuite name="example.spec.ts" timestamp="2025-03-12T19:31:43.384Z" hostname="chromium" tests="2" failures="0" skipped="0" time="1.657" errors="0">
<testcase name="has title" classname="example.spec.ts" time="0.73">
</testcase>
<testcase name="get started link" classname="example.spec.ts" time="0.927">
</testcase>
</testsuite>
<testsuite name="example.spec.ts" timestamp="2025-03-12T19:31:43.384Z" hostname="firefox" tests="2" failures="0" skipped="0" time="3.143" errors="0">
<testcase name="has title" classname="example.spec.ts" time="1.398">
</testcase>
<testcase name="get started link" classname="example.spec.ts" time="1.745">
</testcase>
</testsuite>
<testsuite name="example.spec.ts" timestamp="2025-03-12T19:31:43.384Z" hostname="webkit" tests="2" failures="0" skipped="0" time="2.49" errors="0">
<testcase name="has title" classname="example.spec.ts" time="1.175">
</testcase>
<testcase name="get started link" classname="example.spec.ts" time="1.315">
</testcase>
</testsuite>
</testsuites>